../Drivers/CMSIS/Include/core_cm4.h:2064:26:ITM_SendChar	4
../Core/Src/main.c:80:5:_write	2
../Core/Src/main.c:111:6:HMC5883L_Init	1
../Core/Src/main.c:119:6:HMC5883L_ReadData	1
../Core/Src/main.c:129:19:MPU6050_Init	1
../Core/Src/main.c:144:6:MPU6050_ReadAccel	1
../Core/Src/main.c:155:6:MPU6050_ReadGyro	1
../Core/Src/main.c:164:13:ReadAccelGyroRaw	1
../Core/Src/main.c:180:6:IMU_Calibrate	4
../Core/Src/main.c:218:6:IMU_ApplyCalibrationAndFilter	2
../Core/Src/main.c:251:5:main	2
../Core/Src/main.c:313:6:SystemClock_Config	3
../Core/Src/main.c:358:6:Error_Handler	1
